[     391ms] [INFO] %cDownload the React DevTools for a better development experience: https://react.dev/link/react-devtools font-weight:bold @ http://localhost:3099/_next/static/chunks/468af_next_dist_18d70fba._.js:2297
[     489ms] [LOG] [HMR] connected @ http://localhost:3099/_next/static/chunks/468af_next_dist_18d70fba._.js:2297
[     886ms] [LOG] [Fast Refresh] rebuilding @ http://localhost:3099/_next/static/chunks/468af_next_dist_18d70fba._.js:2297
[     896ms] [LOG] [Fast Refresh] done in 111ms @ http://localhost:3099/_next/static/chunks/468af_next_dist_18d70fba._.js:2297
[    5050ms] [LOG] [Fast Refresh] rebuilding @ http://localhost:3099/_next/static/chunks/468af_next_dist_18d70fba._.js:2297
[    5051ms] [LOG] [Fast Refresh] done in 102ms @ http://localhost:3099/_next/static/chunks/468af_next_dist_18d70fba._.js:2297
[   63468ms] [LOG] [Fast Refresh] rebuilding @ http://localhost:3099/_next/static/chunks/468af_next_dist_18d70fba._.js:2297
[   63558ms] [LOG] [Fast Refresh] done in 153ms @ http://localhost:3099/_next/static/chunks/468af_next_dist_18d70fba._.js:2297
[   69211ms] [LOG] [Fast Refresh] rebuilding @ http://localhost:3099/_next/static/chunks/468af_next_dist_18d70fba._.js:2297
[   69232ms] [LOG] [Fast Refresh] done in 78ms @ http://localhost:3099/_next/static/chunks/468af_next_dist_18d70fba._.js:2297
[   73921ms] [LOG] [Fast Refresh] rebuilding @ http://localhost:3099/_next/static/chunks/468af_next_dist_18d70fba._.js:2297
[   73963ms] [LOG] [Fast Refresh] done in 59ms @ http://localhost:3099/_next/static/chunks/468af_next_dist_18d70fba._.js:2297
[   86878ms] [LOG] [Fast Refresh] rebuilding @ http://localhost:3099/_next/static/chunks/468af_next_dist_18d70fba._.js:2297
[   86920ms] [LOG] [Fast Refresh] done in 65ms @ http://localhost:3099/_next/static/chunks/468af_next_dist_18d70fba._.js:2297
[   95433ms] [LOG] [Fast Refresh] rebuilding @ http://localhost:3099/_next/static/chunks/468af_next_dist_18d70fba._.js:2297
[   95468ms] [LOG] [Fast Refresh] done in 84ms @ http://localhost:3099/_next/static/chunks/468af_next_dist_18d70fba._.js:2297
[  103625ms] [LOG] [Fast Refresh] rebuilding @ http://localhost:3099/_next/static/chunks/468af_next_dist_18d70fba._.js:2297
[  103660ms] [LOG] [Fast Refresh] done in 64ms @ http://localhost:3099/_next/static/chunks/468af_next_dist_18d70fba._.js:2297
[  110900ms] [LOG] [Fast Refresh] rebuilding @ http://localhost:3099/_next/static/chunks/468af_next_dist_18d70fba._.js:2297
[  110936ms] [LOG] [Fast Refresh] done in 106ms @ http://localhost:3099/_next/static/chunks/468af_next_dist_18d70fba._.js:2297
